[31;1m{[2023-02-09 18:22:23,046} - Test Logger - [CRITICAL] - Repository karan/github-helper does not exist (utils.py:42)[0m
[32m{[2023-02-09 18:22:37,313} - Test Logger - [INFO] - Github configuration complete (utils.py:29)[0m
[32m{[2023-02-09 18:22:37,315} - Test Logger - [INFO] - Testing Setup and Teardown (test_blip.py:35)[0m
[32m{[2023-02-09 18:29:58,907} - Test Logger - [INFO] - Github configuration complete (utils.py:29)[0m
[32m{[2023-02-09 18:30:09,435} - Test Logger - [INFO] - Finished cloning repository github-helper (utils.py:55)[0m
[32m{[2023-02-09 18:30:12,428} - Test Logger - [INFO] - Finished commit and pushed to origin (utils.py:85)[0m
[32m{[2023-02-09 18:30:14,493} - Test Logger - [INFO] - Created a pull request (utils.py:95)[0m
[32m{[2023-02-09 18:30:16,110} - Test Logger - [INFO] - Merge request created successfully (utils.py:106)[0m
[33m{[2023-02-09 18:30:16,111} - Test Logger - [WARNING] - SETUP COMPLETE (test_blip.py:34)[0m
[32m{[2023-02-09 18:30:16,113} - Test Logger - [INFO] - Testing Setup and Teardown (test_blip.py:43)[0m
